npm warn Unknown env config "http-proxy". This will stop working in the next major version of npm.

> maono@0.0.0 test:change-requests
> node --experimental-strip-types --test tests/viewer-working-copy.test.mjs tests/viewer-layer-lifecycle.test.mjs tests/viewer-layer-style.test.mjs tests/viewer-working-copy-projection.test.mjs tests/project-change-request-domain.test.mjs tests/project-change-request-inbox.test.mjs tests/project-change-request-proposal.test.mjs tests/project-change-request-layer-style.test.mjs tests/project-change-request-layer-lifecycle.test.mjs tests/project-change-request-visualization.test.mjs tests/project-change-request-apply.test.mjs tests/project-change-request-review-workspace.test.mjs tests/project-change-request-visualization-static.test.mjs

✔ PR4 golden: REV184 + point.create publica REV185 sem criar projeto nem trocar slug/ID (20.847755ms)
✔ migration 0020 cria apenas request + operations com vínculo opcional ao ticket (2.448533ms)
✔ migration protege conteúdo submitted sem bloquear cascatas de lifecycle (0.249346ms)
✔ máquina de estados nasce preparada sem expor comandos de review nesta PR (0.230077ms)
✔ registry backend aceita point.create v1 e rejeita operação desconhecida (0.880649ms)
✔ createdAt é obrigatório para manter hash idempotente entre retries (0.18545ms)
✔ hash é canônico para payload semanticamente idêntico (16.629973ms)
✔ submit exige Viewer route, Idempotency-Key e usa batch atômico (0.340234ms)
✔ submit cria Ticket e evento no mesmo batch e vincula ticket_id à Change Request (0.312542ms)
✔ schema guard exige também tabelas canônicas do Ticket Center (2.488965ms)
✔ replay idempotente é resolvido antes de rejeitar revisão-base stale (0.285671ms)
✔ schema drift é erro estruturado e list/get permanecem restritos ao solicitante (0.11949ms)
[Maono permissions] Consulta opcional ignorada: no such table: user_permissions
[Maono permissions] Consulta opcional ignorada: no such table: role_permissions
[Maono permissions] Consulta opcional ignorada: no such table: user_permissions
[Maono permissions] Consulta opcional ignorada: no such table: user_permissions
[Maono permissions] Consulta opcional ignorada: no such table: role_permissions
[Maono permissions] Consulta opcional ignorada: no such table: user_permissions
[Maono permissions] Consulta opcional ignorada: no such table: user_permissions
[Maono permissions] Consulta opcional ignorada: no such table: user_permissions
[Maono permissions] Consulta opcional ignorada: no such table: role_permissions
[Maono permissions] Consulta opcional ignorada: no such table: user_permissions
[Maono permissions] Consulta opcional ignorada: no such table: user_permissions
[Maono permissions] Consulta opcional ignorada: no such table: user_permissions
[Maono permissions] Consulta opcional ignorada: no such table: role_permissions
[Maono permissions] Consulta opcional ignorada: no such table: user_permissions
[Maono permissions] Consulta opcional ignorada: no such table: user_permissions
[Maono permissions] Consulta opcional ignorada: no such table: role_permissions
[Maono permissions] Consulta opcional ignorada: no such table: user_permissions
[Maono permissions] Consulta opcional ignorada: no such table: user_permissions
[Maono permissions] Consulta opcional ignorada: no such table: user_permissions
[Maono permissions] Consulta opcional ignorada: no such table: role_permissions
[Maono permissions] Consulta opcional ignorada: no such table: user_permissions
[Maono permissions] Consulta opcional ignorada: no such table: user_permissions
✔ Editor sees other requesters, stable pages and lightweight ticket metadata (31.72466ms)
[Maono permissions] Consulta opcional ignorada: no such table: user_permissions
[Maono permissions] Consulta opcional ignorada: no such table: role_permissions
[Maono permissions] Consulta opcional ignorada: no such table: user_permissions
[Maono permissions] Consulta opcional ignorada: no such table: user_permissions
[Maono permissions] Consulta opcional ignorada: no such table: role_permissions
[Maono permissions] Consulta opcional ignorada: no such table: user_permissions
[Maono permissions] Consulta opcional ignorada: no such table: user_permissions
[Maono permissions] Consulta opcional ignorada: no such table: user_permissions
[Maono permissions] Consulta opcional ignorada: no such table: role_permissions
[Maono permissions] Consulta opcional ignorada: no such table: user_permissions
[Maono permissions] Consulta opcional ignorada: no such table: user_permissions
[Maono permissions] Consulta opcional ignorada: no such table: user_permissions
[Maono permissions] Consulta opcional ignorada: no such table: role_permissions
[Maono permissions] Consulta opcional ignorada: no such table: user_permissions
[Maono permissions] Consulta opcional ignorada: no such table: user_permissions
[Maono permissions] Consulta opcional ignorada: no such table: role_permissions
[Maono permissions] Consulta opcional ignorada: no such table: user_permissions
[Maono permissions] Consulta opcional ignorada: no such table: user_permissions
[Maono permissions] Consulta opcional ignorada: no such table: user_permissions
[Maono permissions] Consulta opcional ignorada: no such table: role_permissions
[Maono permissions] Consulta opcional ignorada: no such table: user_permissions
[Maono permissions] Consulta opcional ignorada: no such table: user_permissions
[Maono permissions] Consulta opcional ignorada: no such table: user_permissions
[Maono permissions] Consulta opcional ignorada: no such table: role_permissions
[Maono permissions] Consulta opcional ignorada: no such table: user_permissions
[Maono permissions] Consulta opcional ignorada: no such table: user_permissions
[Maono permissions] Consulta opcional ignorada: no such table: role_permissions
[Maono permissions] Consulta opcional ignorada: no such table: user_permissions
[Maono permissions] Consulta opcional ignorada: no such table: user_permissions
[Maono permissions] Consulta opcional ignorada: no such table: user_permissions
[Maono permissions] Consulta opcional ignorada: no such table: role_permissions
[Maono permissions] Consulta opcional ignorada: no such table: user_permissions
[Maono permissions] Consulta opcional ignorada: no such table: user_permissions
✔ status filters include history and return empty pages (21.371535ms)
[Maono permissions] Consulta opcional ignorada: no such table: user_permissions
[Maono permissions] Consulta opcional ignorada: no such table: role_permissions
[Maono permissions] Consulta opcional ignorada: no such table: user_permissions
[Maono permissions] Consulta opcional ignorada: no such table: user_permissions
[Maono permissions] Consulta opcional ignorada: no such table: role_permissions
[Maono permissions] Consulta opcional ignorada: no such table: user_permissions
[Maono permissions] Consulta opcional ignorada: no such table: user_permissions
[Maono permissions] Consulta opcional ignorada: no such table: user_permissions
[Maono permissions] Consulta opcional ignorada: no such table: role_permissions
[Maono permissions] Consulta opcional ignorada: no such table: user_permissions
[Maono permissions] Consulta opcional ignorada: no such table: user_permissions
[Maono permissions] Consulta opcional ignorada: no such table: role_permissions
[Maono permissions] Consulta opcional ignorada: no such table: user_permissions
[Maono permissions] Consulta opcional ignorada: no such table: user_permissions
✔ unauthenticated, Viewer and another organization cannot access inbox (13.387513ms)
[Maono permissions] Consulta opcional ignorada: no such table: user_permissions
[Maono permissions] Consulta opcional ignorada: no such table: role_permissions
[Maono permissions] Consulta opcional ignorada: no such table: user_permissions
[Maono permissions] Consulta opcional ignorada: no such table: user_permissions
[Maono permissions] Consulta opcional ignorada: no such table: role_permissions
[Maono permissions] Consulta opcional ignorada: no such table: user_permissions
[Maono permissions] Consulta opcional ignorada: no such table: user_permissions
[Maono permissions] Consulta opcional ignorada: no such table: user_permissions
[Maono permissions] Consulta opcional ignorada: no such table: role_permissions
[Maono permissions] Consulta opcional ignorada: no such table: user_permissions
[Maono permissions] Consulta opcional ignorada: no such table: user_permissions
✔ ticket link uses stored relation and checks project access (10.849675ms)
✔ invalid options reject, links encode segments, writes reject (8.915747ms)
[Maono permissions] Consulta opcional ignorada: no such table: user_permissions
[Maono permissions] Consulta opcional ignorada: no such table: role_permissions
[Maono permissions] Consulta opcional ignorada: no such table: user_permissions
[Maono permissions] Consulta opcional ignorada: no such table: user_permissions
[Maono permissions] Consulta opcional ignorada: no such table: role_permissions
[Maono permissions] Consulta opcional ignorada: no such table: user_permissions
✔ explicit edit denial blocks inbox and hides ticket Review (12.796821ms)
✔ regular tickets work before the change request migration (6.652444ms)
✔ submission Viewer aceita create, duplicate e remove de layer (5.594038ms)
✔ layer.create insere estrutura sem copiar dataset (1.301503ms)
✔ layer.duplicate preserva ID proposto e reutiliza o mesmo dataset (1.676199ms)
✔ layer.remove remove somente a layer e preserva dataset (0.791724ms)
✔ lifecycle compõe sequencialmente com estilo, visibilidade e ordem (1.920456ms)
✔ lifecycle falha fechado para dataset ausente e target conflitante (0.989092ms)
✔ source/remove stale e dupla remoção viram conflito/missing (1.144366ms)
✔ payload com allData e versão futura são rejeitados (0.324589ms)
✔ registry e normalização aceitam layer.style.update v1 com contrato fechado (4.884307ms)
✔ layer.style.update reconstrói before/after e altera somente a proposal (1.197466ms)
✔ point.create targetMode=new pode ser seguido por style update na mesma nova camada (2.295543ms)
✔ style update em layer removida falha fechado como conflito de target (0.617391ms)
✔ submission Viewer aceita Buffer e Isócrona congelados sem abrir save direto (1.122984ms)
✔ Buffer e Isócrona entram na proposal e style posterior pode atingir Buffer novo (1.170676ms)
✔ análise com geometria inválida falha fechado antes da submissão (0.898546ms)
✔ PR4: point.create reconstrói proposta sem mutar a REV base (2.212407ms)
✔ PR4: nova target temporária cria dataset/layer determinísticos dentro do mesmo projeto (3.828835ms)
✔ PR4: target inexistente falha fechado como conflito de operação (0.584222ms)
✔ PR4: rota dedicada /projects/:slug/review/:changeRequestId usa workspace próprio (1.443798ms)
✔ PR4: Review exige contexto Editor mas remove capabilities de escrita do mapa (0.681448ms)
✔ P0 large-map: Review hidrata a revisão-base direto do storage, não pelo payload /review (0.377549ms)
✔ P0 large-map: contrato v2 não contém MapConfig e pina descriptor à baseRevision (0.279472ms)
✔ P0 large-map: GET/POST de Review são control plane e não materializam MapConfig (0.349297ms)
✔ P0 large-map: projeções Before/After são produzidas no navegador sem clone do MapConfig inteiro (0.241875ms)
✔ PR4: workspace preserva before/after, navegação e três decisões (0.553234ms)
✔ PR4: Reviewer boundary é separado do GET requester-only e endpoints têm métodos explícitos (0.273472ms)
✔ PR4: Apply continua autoritativo e publica base+1 pelo save versionado (5.004618ms)
✔ PR4: conflito e retry idempotente protegem o HEAD (0.399192ms)
✔ runtime composto monta a captura de visibilidade, filtro e ordem sem capturar viewport (1.289154ms)
✔ Drawer e Review usam linguagem de produto (0.262106ms)
✔ Review projeta visibilidade, filtro e ordem no mapa (0.204158ms)
✔ submission Viewer aceita visibilidade, filtro persistente e ordem (2.374511ms)
✔ proposal aplica visualizações sequencialmente sem mutar revisão-base (1.57177ms)
✔ filtro persistente pode ser criado e removido de forma explícita (0.583881ms)
✔ visualizações inválidas falham fechado antes da submissão (0.685614ms)
✔ target divergente vira conflito e não aplica parcialmente (5.018039ms)
✔ point.create novo pode ser seguido por visibilidade e ordem na mesma proposal (0.956152ms)
✔ snapshot lifecycle é pequeno e exclui dados pesados (2.527111ms)
✔ validators aceitam create, duplicate e remove v1 (0.679936ms)
✔ payload lifecycle rejeita allData e propriedades arbitrárias (0.542818ms)
✔ duplicação encontra a origem estrutural sem depender do label (0.45032ms)
✔ create seguido de remove compacta lifecycle e operações dependentes (0.466564ms)
✔ remove de layer da revisão-base não é compactado (0.134152ms)
✔ Buffer amarelo → vermelho produz somente fixedColor no diff (1.871854ms)
✔ voltar ao estilo base elimina o diff (0.15298ms)
✔ opacidade, fill e stroke são capturados sem serializar estado Redux (0.141393ms)
✔ runtime composto monta legado e cobertura persistente sobre a mesma Working Copy (1.056964ms)
✔ Viewer materializa point.create targetMode=new com IDs temporários estáveis (0.288736ms)
✔ replay da Working Copy é idempotente por operação e runtime (0.329967ms)
✔ captura de alterações não roda enquanto replay aguarda estabilização (0.346342ms)
✔ Viewer captura e reprojeta visibilidade, filtro persistente e ordem (0.347194ms)
✔ runtime persistente reconhece sessão e só limpa dirty após captura/ack reconhecido (0.289616ms)
✔ camada temporária projetada não vira target existente de outro point.create (0.181323ms)
✔ Viewer captura estilo na Working Copy e drawer descreve a operação (0.202115ms)
✔ Working Copy só é reprojetada depois do readiness visual do mapa-base (0.243196ms)
✔ Viewer pode descartar explicitamente Working Copy persistida (0.333463ms)
✔ submit não faz silent return para mutação sem contrato (1.830511ms)
✔ Review aceita projeções das operações suportadas e mostra Antes/Depois (0.299692ms)
✔ registry suporta operações Viewer v1 (1.482977ms)
✔ working copy aceita somente visualizações persistíveis saneadas (3.067977ms)
✔ working copy usa uma chave estável por organização/projeto/usuário (0.195465ms)
✔ operação, baseRevision e submissionKey sobrevivem a nova instância do store (0.565432ms)
✔ Viewer agrupa múltiplos pontos na mesma nova camada temporária (1.110415ms)
✔ style update é coalescido por camada e reversão remove a operação (0.974159ms)
✔ style update rejeita chaves e cores fora do contrato (0.430018ms)
✔ snapshot é cópia independente e não altera o valor persistido (0.390389ms)
✔ não aceita operation id duplicado nem operação desconhecida (0.406904ms)
✔ revision divergente sinaliza stale sem apagar a working copy (0.466844ms)
✔ completeSubmission remove apenas selecionadas e rotaciona submissionKey (0.500915ms)
✔ clear é terminal e vence uma gravação de estilo já em voo (0.598032ms)
✔ removeOperation e clear mantêm lifecycle mínimo (0.460044ms)
✔ runtimes compostos não perdem operações em gravações concorrentes (0.756251ms)
✔ Viewer mutation policy classifica todo comando do Engine Adapter (0.490981ms)
✔ Viewer separa mutações persistentes, de sessão e bloqueadas (0.083556ms)
✔ novos contratos v1 validam snapshots pequenos e rejeitam propriedades arbitrárias (0.647186ms)
✔ backend aplica definição, tooltip e blending com before/after autoritativo (1.589417ms)
✔ backend falha fechado quando definição referencia campo ausente (0.248936ms)
✔ create local + definition + remove compacta para no-op (0.890523ms)
✔ coverage mantém fail-closed e Review large-map-safe (0.362627ms)
ℹ tests 98
ℹ suites 0
ℹ pass 98
ℹ fail 0
ℹ cancelled 0
ℹ skipped 0
ℹ todo 0
ℹ duration_ms 449.709088
