[Maono HTTP error] {
  correlationId: 'ea455ea9-c057-438b-8f13-df6e9863176f',
  code: 'USER_TICKET_HISTORY_RETAINED',
  category: 'INFRASTRUCTURE',
  retryable: false,
  status: 409
}
✔ admin DELETE returns a retention conflict for event author protected against SET NULL, preserving the whole batch; deactivation still works (52.383792ms)
[Maono HTTP error] {
  correlationId: '09df894f-cec6-497c-9070-cb5742377243',
  code: 'USER_TICKET_HISTORY_RETAINED',
  category: 'INFRASTRUCTURE',
  retryable: false,
  status: 409
}
✔ admin DELETE returns a retention conflict for ticket auditor protected against SET NULL, preserving the whole batch; deactivation still works (30.829224ms)
[Maono HTTP error] {
  correlationId: '1f63567a-94c7-44f7-a360-5649c181e4dc',
  code: 'USER_TICKET_HISTORY_RETAINED',
  category: 'INFRASTRUCTURE',
  retryable: false,
  status: 409
}
✔ admin DELETE returns a retention conflict for command actor protected by its restrictive foreign key, preserving the whole batch; deactivation still works (29.424694ms)
[Maono HTTP error] {
  correlationId: 'cfb5519c-c387-46a7-bccf-8ab478394f84',
  code: 'USER_TICKET_HISTORY_RETAINED',
  category: 'INFRASTRUCTURE',
  retryable: false,
  status: 409
}
✔ admin DELETE recognizes a wrapped D1 append-only cause after rollback (25.988033ms)
✔ admin DELETE keeps ordinary deletion available when the target has no retained Ticket history (17.954455ms)
[Maono HTTP error] {
  correlationId: 'aa64970f-2d15-4884-a033-226eebabaafa',
  code: 'ERR_SQLITE_ERROR',
  category: 'INFRASTRUCTURE',
  retryable: false,
  status: 500
}
✔ an unrelated foreign-key failure is not mislabeled as Ticket history retention (20.956696ms)
✔ cinco estados conservados: reabertura não aparece como PATCH livre de status (1.501316ms)
✔ avançar exige responsável e próxima ação; revisão exige evidência, retorno exige motivo (0.265231ms)
✔ fechamento exige resultado, evidência e comunicação em todos outcomes, inclusive sem execução (0.426043ms)
✔ espera é comando independente, requer responsável, não muda estado nem configura SLA (0.855161ms)
✔ reabrir exige motivo e próximo passo e não reenvia fechamento ou histórico anterior (0.195785ms)
✔ limites coincidem com comandos sem truncar campos silenciosamente (0.200252ms)
✔ rascunho sujo conserva token core original após reload e conflito; nova identidade nunca herda token (0.166211ms)
✔ resposta perdida repete intenção e payload congelados sem gerar chave nova ou incorporar edições (0.182936ms)
✔ incerteza nunca autoriza nova intenção por erro posterior de sessão; apenas rejeição inicial definitiva (0.224389ms)
✔ HTTP create requires a key and persists one success audit through replay (50.491085ms)
✔ HTTP state owns its ETag; list, detail and state GET perform no DML after cutover (38.404735ms)
[Maono ticket center][e59dfb11-1c30-4056-8730-cba271452c44][TICKET_COMMANDS_DISABLED] Error: Este fluxo de atendimento ainda não está habilitado. Recarregue a Central.
    at commandError (file:///workspace/scratch/9bf5f7a8ed15/cc01-repo/functions/_lib/ticket-commands.js:40:24)
    at assertTicketCommandReady (file:///workspace/scratch/9bf5f7a8ed15/cc01-repo/functions/_lib/ticket-commands.js:108:44)
    at onRequestPost (file:///workspace/scratch/9bf5f7a8ed15/cc01-repo/functions/api/organizations/%5Bid%5D/tickets.js:104:13)
    at async TestContext.<anonymous> (file:///workspace/scratch/9bf5f7a8ed15/cc01-repo/tests/ticket-command-http.test.mjs:74:17)
    at async Test.run (node:internal/test_runner/test:1389:7)
    at async Test.processPendingSubtests (node:internal/test_runner/test:960:7) {
  status: 503,
  code: 'TICKET_COMMANDS_DISABLED',
  publicMessage: 'Este fluxo de atendimento ainda não está habilitado. Recarregue a Central.'
}
✔ HTTP retry after disabling commands cannot fall through to non-idempotent legacy creation (23.104146ms)
✔ HTTP mutation rejects missing and stale validators with no successful audit or side effects (34.675108ms)
[Maono ticket center][34e773c2-b94f-4b49-9d4f-49692173d9c8][TICKET_COMMANDS_NOT_READY] Error: O fluxo de atendimento está temporariamente indisponível. Contate a equipe responsável.
    at commandError (file:///workspace/scratch/9bf5f7a8ed15/cc01-repo/functions/_lib/ticket-commands.js:40:24)
    at assertTicketCommandReady (file:///workspace/scratch/9bf5f7a8ed15/cc01-repo/functions/_lib/ticket-commands.js:110:11)
    at async onRequestGet (file:///workspace/scratch/9bf5f7a8ed15/cc01-repo/functions/api/organizations/%5Bid%5D/tickets.js:59:7)
    at async TestContext.<anonymous> (file:///workspace/scratch/9bf5f7a8ed15/cc01-repo/tests/ticket-command-http.test.mjs:106:22)
    at async Test.run (node:internal/test_runner/test:1389:7)
    at async Test.processPendingSubtests (node:internal/test_runner/test:960:7) {
  status: 503,
  code: 'TICKET_COMMANDS_NOT_READY',
  publicMessage: 'O fluxo de atendimento está temporariamente indisponível. Contate a equipe responsável.'
}
[Maono ticket center][221600cd-68d6-4e82-bbba-477b2af90c8a][TICKET_COMMANDS_NOT_READY] Error: O fluxo de atendimento está temporariamente indisponível. Contate a equipe responsável.
    at commandError (file:///workspace/scratch/9bf5f7a8ed15/cc01-repo/functions/_lib/ticket-commands.js:40:24)
    at assertTicketCommandReady (file:///workspace/scratch/9bf5f7a8ed15/cc01-repo/functions/_lib/ticket-commands.js:110:11)
    at async onRequestGet (file:///workspace/scratch/9bf5f7a8ed15/cc01-repo/functions/api/organizations/%5Bid%5D/tickets/%5BticketId%5D.js:69:7)
    at async TestContext.<anonymous> (file:///workspace/scratch/9bf5f7a8ed15/cc01-repo/tests/ticket-command-http.test.mjs:106:22)
    at async Test.run (node:internal/test_runner/test:1389:7)
    at async Test.processPendingSubtests (node:internal/test_runner/test:960:7) {
  status: 503,
  code: 'TICKET_COMMANDS_NOT_READY',
  publicMessage: 'O fluxo de atendimento está temporariamente indisponível. Contate a equipe responsável.'
}
[Maono ticket center][254241b1-c615-4d14-82cf-527f30b943b6][TICKET_COMMANDS_NOT_READY] Error: O fluxo de atendimento está temporariamente indisponível. Contate a equipe responsável.
    at commandError (file:///workspace/scratch/9bf5f7a8ed15/cc01-repo/functions/_lib/ticket-commands.js:40:24)
    at assertTicketCommandReady (file:///workspace/scratch/9bf5f7a8ed15/cc01-repo/functions/_lib/ticket-commands.js:110:11)
    at async authorize (file:///workspace/scratch/9bf5f7a8ed15/cc01-repo/functions/_lib/ticket-command-http.js:23:3)
    at async ticketCommandStateResponse (file:///workspace/scratch/9bf5f7a8ed15/cc01-repo/functions/_lib/ticket-command-http.js:32:5)
    at async TestContext.<anonymous> (file:///workspace/scratch/9bf5f7a8ed15/cc01-repo/tests/ticket-command-http.test.mjs:106:22)
    at async Test.run (node:internal/test_runner/test:1389:7)
    at async Test.processPendingSubtests (node:internal/test_runner/test:960:7) {
  status: 503,
  code: 'TICKET_COMMANDS_NOT_READY',
  publicMessage: 'O fluxo de atendimento está temporariamente indisponível. Contate a equipe responsável.'
}
✔ HTTP GET fails closed on a new legacy source row without importing it (38.179546ms)
✔ HTTP authorization denies cross-organization reads and viewer commands before mutation (32.741099ms)
✔ HTTP correction scopes the event from the route and preserves the original event (30.112852ms)
✔ CT-07: create replay returns its persisted result after later edits, without duplicating durable records (45.550239ms)
✔ CT-07: parallel retries with the same key persist one creation and return the same result (18.730036ms)
✔ CT-08: a divergent payload conflicts within its key scope, while actors and tenants remain independent (28.959993ms)
✔ creation requires an idempotency key before any persistent effect (17.47384ms)
✔ CT-09: absent, stale and foreign If-Match validators reject updates without events, audit or outbox (44.425531ms)
✔ CT-09: a competing command between server read and batch wins once; the losing CAS creates no records (24.340192ms)
✔ an isolated next-action edit uses CAS and records one command without changing status or triage (28.213416ms)
✔ flag-off remains compatible with CC-02 on the schema before 0026 (11.65594ms)
✔ flag-on fails closed with missing schema, without compatibility writes (9.364221ms)
✔ flag-on fails closed with missing marker, without compatibility writes (18.995647ms)
✔ commands remain unavailable if the prerequisite triage flag is disabled (16.435712ms)
✔ a marker with running cannot enable commands or trigger compatibility writes (16.456714ms)
✔ a marker with failed cannot enable commands or trigger compatibility writes (17.159926ms)
✔ a marker with pending rows cannot enable commands or trigger compatibility writes (18.34241ms)
✔ a marker with skipped rows cannot enable commands or trigger compatibility writes (16.735916ms)
✔ a marker with missing completion cannot enable commands or trigger compatibility writes (18.892731ms)
✔ a new eligible legacy row invalidates a ready marker until explicit backfill reconciles it (25.119588ms)
✔ CT-06: closure requires outcome, result and communication; reopening preserves the prior closed cycle (42.537127ms)
✔ CT-06: state path enforces triage, assignment, next action, review evidence and return justification (39.04998ms)
▶ CT-06: transition matrix from new, with reopening kept as an explicit command
  ✔ new -> new (18.926642ms)
  ✔ new -> open (18.127346ms)
  ✔ new -> in_progress (17.692469ms)
  ✔ new -> in_review (17.240527ms)
  ✔ new -> closed (18.047515ms)
✔ CT-06: transition matrix from new, with reopening kept as an explicit command (90.99539ms)
▶ CT-06: transition matrix from open, with reopening kept as an explicit command
  ✔ open -> new (19.459335ms)
  ✔ open -> open (25.703363ms)
  ✔ open -> in_progress (22.653797ms)
  ✔ open -> in_review (22.501016ms)
  ✔ open -> closed (31.402279ms)
✔ CT-06: transition matrix from open, with reopening kept as an explicit command (122.538185ms)
▶ CT-06: transition matrix from in_progress, with reopening kept as an explicit command
  ✔ in_progress -> new (27.420209ms)
  ✔ in_progress -> open (26.548223ms)
  ✔ in_progress -> in_progress (26.994708ms)
  ✔ in_progress -> in_review (21.216237ms)
  ✔ in_progress -> closed (23.560084ms)
✔ CT-06: transition matrix from in_progress, with reopening kept as an explicit command (126.575713ms)
▶ CT-06: transition matrix from in_review, with reopening kept as an explicit command
  ✔ in_review -> new (25.425209ms)
  ✔ in_review -> open (26.097013ms)
  ✔ in_review -> in_progress (26.032285ms)
  ✔ in_review -> in_review (28.553089ms)
  ✔ in_review -> closed (24.135162ms)
✔ CT-06: transition matrix from in_review, with reopening kept as an explicit command (131.291841ms)
▶ CT-06: transition matrix from closed, with reopening kept as an explicit command
  ✔ closed -> new (21.066362ms)
  ✔ closed -> open (22.303407ms)
  ✔ closed -> in_progress (23.831444ms)
  ✔ closed -> in_review (20.983987ms)
  ✔ closed -> closed (23.629438ms)
✔ CT-06: transition matrix from closed, with reopening kept as an explicit command (112.853746ms)
✔ CT-06: waiting records responsible person, dates and reasons independently of status or SLA (47.8105ms)
✔ state ETag excludes event/attachment aggregates but changes when a legacy writer updates a core field (23.866917ms)
✔ CT-49: past events and ticket audit cannot be edited/deleted; scoped correction appends a new event (28.20258ms)
▶ CT-10: create rolls back at every transaction statement, including mandatory audit and outbox
  ✔ statement 1/8 (16.821475ms)
  ✔ statement 2/8 (17.919823ms)
  ✔ statement 3/8 (18.908625ms)
  ✔ statement 4/8 (18.138753ms)
  ✔ statement 5/8 (20.965349ms)
  ✔ statement 6/8 (16.552038ms)
  ✔ statement 7/8 (16.505438ms)
  ✔ statement 8/8 (16.753332ms)
✔ CT-10: create rolls back at every transaction statement, including mandatory audit and outbox (161.135397ms)
▶ CT-10: update rolls back at every transaction statement, including mandatory audit and outbox
  ✔ statement 1/5 (20.156147ms)
  ✔ statement 2/5 (22.756522ms)
  ✔ statement 3/5 (19.649824ms)
  ✔ statement 4/5 (19.325834ms)
  ✔ statement 5/5 (18.062178ms)
✔ CT-10: update rolls back at every transaction statement, including mandatory audit and outbox (118.355699ms)
▶ CT-10: close rolls back at every transaction statement, including mandatory audit and outbox
  ✔ statement 1/7 (20.308858ms)
  ✔ statement 2/7 (17.1762ms)
  ✔ statement 3/7 (18.093525ms)
  ✔ statement 4/7 (18.672448ms)
  ✔ statement 5/7 (20.960041ms)
  ✔ statement 6/7 (21.328867ms)
  ✔ statement 7/7 (19.916295ms)
✔ CT-10: close rolls back at every transaction statement, including mandatory audit and outbox (156.429916ms)
▶ CT-10: wait rolls back at every transaction statement, including mandatory audit and outbox
  ✔ statement 1/6 (22.689831ms)
  ✔ statement 2/6 (26.48616ms)
  ✔ statement 3/6 (28.276412ms)
  ✔ statement 4/6 (20.871908ms)
  ✔ statement 5/6 (20.988443ms)
  ✔ statement 6/6 (24.684741ms)
✔ CT-10: wait rolls back at every transaction statement, including mandatory audit and outbox (165.135383ms)
▶ CT-10: reopen rolls back at every transaction statement, including mandatory audit and outbox
  ✔ statement 1/6 (19.374358ms)
  ✔ statement 2/6 (20.436239ms)
  ✔ statement 3/6 (20.782302ms)
  ✔ statement 4/6 (19.715111ms)
  ✔ statement 5/6 (21.296769ms)
  ✔ statement 6/6 (21.215736ms)
✔ CT-10: reopen rolls back at every transaction statement, including mandatory audit and outbox (144.931433ms)
▶ CT-10: correction rolls back at every transaction statement, including mandatory audit and outbox
  ✔ statement 1/5 (17.391566ms)
  ✔ statement 2/5 (17.506739ms)
  ✔ statement 3/5 (17.920203ms)
  ✔ statement 4/5 (19.072131ms)
  ✔ statement 5/5 (18.138132ms)
✔ CT-10: correction rolls back at every transaction statement, including mandatory audit and outbox (107.873431ms)
✔ existing original CR writer uses additive defaults and lazy cycles without authorization or automatic CR approval (25.451298ms)
✔ existing analysis-aware CR writer uses additive defaults and lazy cycles without authorization or automatic CR approval (26.180289ms)
✔ canonical state hashes semantic JSON consistently and excludes display/envelope fields (7.50787ms)
✔ a partial migration missing ticket_events_no_update cannot enable commands (29.794092ms)
✔ a partial migration missing ticket_lifecycle_requires_command cannot enable commands (22.753517ms)
✔ a partial migration missing idx_ticket_wait_open cannot enable commands (19.542451ms)
✔ rollback blocks core edits to adopted tickets and preserves previous closure on reenable (32.646646ms)
✔ a keyed direct retry after rollback cannot create a legacy duplicate (21.983735ms)
✔ a pending CR arriving between validation and close batch requires acknowledgement with no phantom effects (26.941948ms)
✔ invalid next action lengths/types reject before writes (33.277849ms)
✔ CT-49: bounded pages reconcile only eligible source identities and preserve organization scope (32.298532ms)
✔ CT-49: replay after completion is idempotent and counts actual INSERT changes (11.422157ms)
✔ CT-49: partial failure keeps earlier commits, rolls back failed ticket/event/audit/outbox, and resumes without duplicates (13.275013ms)
✔ mandatory audit failure rolls back the import and leaves marker failed (10.246763ms)
✔ provenance records substituted author and inferred timestamps without inventing triage, response or historic cycles (9.083928ms)
✔ real legacy author, assignment and timestamps remain intact (9.106232ms)
✔ concurrent earlier import produces zero new events and migrated=0 (8.777987ms)
✔ inventory is read-only and exposes source additions after a ready marker (8.085212ms)
✔ absent legacy table requires an explicit zero-source reconciliation (6.61995ms)
✔ incompatible source schema and missing 0026 fail without claiming readiness (5.793563ms)
✔ invalid operator and invalid pagination are rejected before writes (5.344525ms)
✔ CLI defaults to read-only, accepts only explicit local execution and rejects --remote (278.528612ms)
ℹ tests 139
ℹ suites 0
ℹ pass 139
ℹ fail 0
ℹ cancelled 0
ℹ skipped 0
ℹ todo 0
ℹ duration_ms 2179.412392
