npm warn Unknown env config "http-proxy". This will stop working in the next major version of npm.

> maono@0.0.0 test:preview-safety
> node --test tests/preview-write-policy.test.mjs tests/preview-middleware.test.mjs tests/preview-golden-builder.test.mjs tests/buffer-preview-policy.test.mjs && node scripts/preview/assert-preview-safety.mjs

✔ isócronas e buffers são classificados como análises transitórias (0.94756ms)
✔ análise transitória é permitida mesmo com mutations=false (0.508377ms)
✔ save de projeto continua bloqueado com mutations=false (0.23246ms)
✔ middleware deixa POST de Buffer chegar ao endpoint e publica diagnóstico (4.767133ms)
✔ builder Golden gera MapConfig v1 e manifesto reproduzível a partir de GeoJSON (112.534928ms)
✔ middleware extrai slug de projeto sem confundir subrotas (1.469708ms)
✔ fallback reconhece URL de deployment Pages como Preview quando runtime está ausente (0.260022ms)
✔ runtime Production explícito prevalece sobre URL única com hash do Pages (4.906723ms)
✔ middleware resolve organização do projeto diretamente no D1 (1.645182ms)
✔ GET de preview segue para a Function e recebe diagnóstico (1.21289ms)
✔ mutação no Golden QA passa pela barreira (4.852943ms)
✔ mutação em projeto real é bloqueada antes do endpoint (1.389907ms)
✔ mutação administrativa é bloqueada mesmo com kill switch liberado (0.743471ms)
✔ kill switch bloqueia escrita QA sem impedir login/session (10.319711ms)
✔ URL Pages Preview sem MAONO_RUNTIME_ENV continua fail-closed (1.128082ms)
✔ runtime diferencia production, preview e configuração ausente (2.098427ms)
✔ production não sofre restrição da política de preview (0.342917ms)
✔ preview permite leitura real do banco de produção (0.183487ms)
✔ kill switch bloqueia mutações de domínio no preview (0.265851ms)
✔ autenticação e sessão continuam operacionais no preview (0.306042ms)
✔ preview permite escrita de projeto somente na organização QA (0.352071ms)
✔ preview bloqueia mutações administrativas e de storage mesmo na organização QA (0.219691ms)
✔ preview falha fechado quando não consegue resolver a organização QA (0.197618ms)
ℹ tests 23
ℹ suites 0
ℹ pass 23
ℹ fail 0
ℹ cancelled 0
ℹ skipped 0
ℹ todo 0
ℹ duration_ms 234.05271
Preview safety gate: OK
